
[1m[46m RUN [49m[22m [36mv4.1.2 [39m[90mD:/Branches/symphony-log-mcp[39m

 [32mΓ£ô[39m tests/tools/alarms.test.ts[2m > [22mtoolAlarms ΓÇö summary mode[2m > [22mreports alarm triggers[32m 73[2mms[22m[39m
 [32mΓ£ô[39m tests/tools/video-health.test.ts[2m > [22mtoolVideoHealth ΓÇö summary mode[2m > [22mdetects camera connect, disconnect, and frame drops[32m 68[2mms[22m[39m
 [32mΓ£ô[39m tests/tools/interserver.test.ts[2m > [22mtoolInterServer ΓÇö summary mode[2m > [22mdetects ALIVE send events[32m 96[2mms[22m[39m
 [32mΓ£ô[39m tests/lib/log-reader.test.ts[2m > [22mparseLogFilename[2m > [22mparses is-260302_00.txt[32m 4[2mms[22m[39m
 [32mΓ£ô[39m tests/lib/log-reader.test.ts[2m > [22mparseLogFilename[2m > [22mparses cs01-260302_31.txt[32m 1[2mms[22m[39m
 [32mΓ£ô[39m tests/lib/log-reader.test.ts[2m > [22mparseLogFilename[2m > [22mreturns null for invalid filenames[32m 0[2mms[22m[39m
 [32mΓ£ô[39m tests/lib/log-reader.test.ts[2m > [22misInTimeWindow[2m > [22mreturns true when no bounds specified[32m 0[2mms[22m[39m
 [32mΓ£ô[39m tests/lib/log-reader.test.ts[2m > [22misInTimeWindow[2m > [22mreturns true when within bounds[32m 0[2mms[22m[39m
 [32mΓ£ô[39m tests/lib/log-reader.test.ts[2m > [22misInTimeWindow[2m > [22mreturns false when before start[32m 0[2mms[22m[39m
 [32mΓ£ô[39m tests/lib/log-reader.test.ts[2m > [22misInTimeWindow[2m > [22mreturns false when after end[32m 0[2mms[22m[39m
 [32mΓ£ô[39m tests/lib/log-reader.test.ts[2m > [22mformatBytes[2m > [22mformats bytes[32m 0[2mms[22m[39m
 [32mΓ£ô[39m tests/lib/log-reader.test.ts[2m > [22mformatBytes[2m > [22mformats kilobytes[32m 0[2mms[22m[39m
 [32mΓ£ô[39m tests/lib/log-reader.test.ts[2m > [22mformatBytes[2m > [22mformats megabytes[32m 0[2mms[22m[39m
 [32mΓ£ô[39m tests/lib/log-reader.test.ts[2m > [22mlistLogFiles[2m > [22mreturns files from test directory[32m 65[2mms[22m[39m
 [32mΓ£ô[39m tests/tools/correlate-timeline.test.ts[2m > [22mtoolCorrelateTimelines[2m > [22mmerges entries from multiple files[32m 71[2mms[22m[39m
 [32mΓ£ô[39m tests/tools/hw-analysis.test.ts[2m > [22mtoolHw ΓÇö summary mode[2m > [22mdetects Advantech events[32m 93[2mms[22m[39m
 [32mΓ£ô[39m tests/tools/access-control.test.ts[2m > [22mtoolAccessControl ΓÇö summary mode[2m > [22mreports door events[32m 77[2mms[22m[39m
 [32mΓ£ô[39m tests/tools/auth-analysis.test.ts[2m > [22mtoolAuth ΓÇö summary mode[2m > [22mreports AD failures[32m 75[2mms[22m[39m
 [32mΓ£ô[39m tests/tools/network.test.ts[2m > [22mtoolNetwork ΓÇö summary mode[2m > [22mdetects connect, refused, and timeout events[32m 75[2mms[22m[39m
 [32mΓ£ô[39m tests/tools/search-pattern.test.ts[2m > [22mtoolSearchPattern[2m > [22mfinds plain text matches[32m 84[2mms[22m[39m
 [31m├ù[39m tests/tools/storage.test.ts[2m > [22mtoolStorage ΓÇö summary mode[2m > [22mdetects disk full, cleaner cycles, and deletions[32m 88[2mms[22m[39m
[31m   ΓåÆ expected 'Storage Summary ΓÇö 3 events across 1 fΓÇª' to contain 'Disk full events'[39m
 [32mΓ£ô[39m tests/tools/db-health.test.ts[2m > [22mtoolDbHealth ΓÇö summary mode[2m > [22mdetects connection failures[32m 94[2mms[22m[39m
 [32mΓ£ô[39m tests/tools/correlate-timeline.test.ts[2m > [22mtoolCorrelateTimelines[2m > [22mfilters by level[32m 39[2mms[22m[39m
 [32mΓ£ô[39m tests/tools/correlate-timeline.test.ts[2m > [22mtoolWaveAnalysis[2m > [22mgroups pattern matches into waves[32m 37[2mms[22m[39m
 [32mΓ£ô[39m tests/tools/correlate-timeline.test.ts[2m > [22mtoolWaveAnalysis[2m > [22mhandles no matches[32m 27[2mms[22m[39m
 [32mΓ£ô[39m tests/tools/video-health.test.ts[2m > [22mtoolVideoHealth ΓÇö summary mode[2m > [22mshows first and last event times[32m 32[2mms[22m[39m
 [32mΓ£ô[39m tests/tools/video-health.test.ts[2m > [22mtoolVideoHealth ΓÇö summary mode[2m > [22mshows recent issues section[32m 38[2mms[22m[39m
 [32mΓ£ô[39m tests/tools/video-health.test.ts[2m > [22mtoolVideoHealth ΓÇö events mode[2m > [22mlists individual events with timestamps and file info[32m 32[2mms[22m[39m
 [32mΓ£ô[39m tests/tools/video-health.test.ts[2m > [22mtoolVideoHealth ΓÇö cameras mode[2m > [22mgroups events by source[32m 27[2mms[22m[39m
 [32mΓ£ô[39m tests/tools/alarms.test.ts[2m > [22mtoolAlarms ΓÇö summary mode[2m > [22mreports alarm clears[32m 30[2mms[22m[39m
 [32mΓ£ô[39m tests/tools/alarms.test.ts[2m > [22mtoolAlarms ΓÇö summary mode[2m > [22mreports notifications[32m 45[2mms[22m[39m
 [32mΓ£ô[39m tests/tools/alarms.test.ts[2m > [22mtoolAlarms ΓÇö summary mode[2m > [22mreports notification failures[32m 31[2mms[22m[39m
 [32mΓ£ô[39m tests/tools/interserver.test.ts[2m > [22mtoolInterServer ΓÇö summary mode[2m > [22mdetects ALIVE receive events[32m 41[2mms[22m[39m
 [32mΓ£ô[39m tests/lib/log-reader.test.ts[2m > [22mlistLogFiles[2m > [22mfilters by prefix[32m 27[2mms[22m[39m
 [32mΓ£ô[39m tests/lib/log-reader.test.ts[2m > [22mreadRawLines[2m > [22mreads a test file and returns array of lines[32m 22[2mms[22m[39m
 [32mΓ£ô[39m tests/lib/log-reader.test.ts[2m > [22mreadRawLinesWithTimeFilter[2m > [22mreturns subset of lines in time window[32m 29[2mms[22m[39m
 [32mΓ£ô[39m tests/lib/log-reader.test.ts[2m > [22misInTimeWindow ΓÇö midnight-spanning[2m > [22mnormal window: entry inside is IN[32m 0[2mms[22m[39m
 [32mΓ£ô[39m tests/lib/log-reader.test.ts[2m > [22misInTimeWindow ΓÇö midnight-spanning[2m > [22mnormal window: entry outside is OUT[32m 0[2mms[22m[39m
 [32mΓ£ô[39m tests/lib/log-reader.test.ts[2m > [22misInTimeWindow ΓÇö midnight-spanning[2m > [22mmidnight-spanning: entry at 23:30 is IN[32m 0[2mms[22m[39m
 [32mΓ£ô[39m tests/lib/log-reader.test.ts[2m > [22misInTimeWindow ΓÇö midnight-spanning[2m > [22mmidnight-spanning: entry at 00:30 is IN[32m 0[2mms[22m[39m
 [32mΓ£ô[39m tests/lib/log-reader.test.ts[2m > [22misInTimeWindow ΓÇö midnight-spanning[2m > [22mmidnight-spanning: entry at 10:00 is OUT[32m 0[2mms[22m[39m
 [32mΓ£ô[39m tests/lib/log-reader.test.ts[2m > [22misInTimeWindow ΓÇö midnight-spanning[2m > [22mfull day: no start/end matches everything[32m 0[2mms[22m[39m
 [32mΓ£ô[39m tests/lib/log-reader.test.ts[2m > [22misInTimeWindow ΓÇö midnight-spanning[2m > [22medge: entry exactly at startTime is IN[32m 0[2mms[22m[39m
 [32mΓ£ô[39m tests/lib/log-reader.test.ts[2m > [22misInTimeWindow ΓÇö midnight-spanning[2m > [22medge: entry exactly at endTime is OUT (endTime exclusive with short format)[32m 0[2mms[22m[39m
 [32mΓ£ô[39m tests/lib/log-reader.test.ts[2m > [22misInTimeWindow ΓÇö midnight-spanning[2m > [22medge: midnight-spanning entry exactly at startTime is IN[32m 0[2mms[22m[39m
 [32mΓ£ô[39m tests/lib/log-reader.test.ts[2m > [22misInTimeWindow ΓÇö midnight-spanning[2m > [22medge: midnight-spanning entry exactly at endTime is OUT (endTime exclusive with short format)[32m 0[2mms[22m[39m
 [32mΓ£ô[39m tests/lib/log-reader.test.ts[2m > [22mresolveFileRefs[2m > [22mresolves prefix to matching files[32m 25[2mms[22m[39m
 [32mΓ£ô[39m tests/tools/access-control.test.ts[2m > [22mtoolAccessControl ΓÇö summary mode[2m > [22mreports credential scans[32m 39[2mms[22m[39m
 [32mΓ£ô[39m tests/tools/access-control.test.ts[2m > [22mtoolAccessControl ΓÇö summary mode[2m > [22mreports communication failures[32m 44[2mms[22m[39m
 [32mΓ£ô[39m tests/tools/access-control.test.ts[2m > [22mtoolAccessControl ΓÇö summary mode[2m > [22mincludes event count[32m 33[2mms[22m[39m
 [32mΓ£ô[39m tests/tools/network.test.ts[2m > [22mtoolNetwork ΓÇö summary mode[2m > [22mlists problem targets[32m 37[2mms[22m[39m
 [32mΓ£ô[39m tests/tools/network.test.ts[2m > [22mtoolNetwork ΓÇö events mode[2m > [22mlists individual events with timestamps[32m 46[2mms[22m[39m
 [32mΓ£ô[39m tests/tools/network.test.ts[2m > [22mtoolNetwork ΓÇö targets mode[2m > [22mgroups events by IP:PORT[32m 28[2mms[22m[39m
 [32mΓ£ô[39m tests/tools/hw-analysis.test.ts[2m > [22mtoolHw ΓÇö summary mode[2m > [22mdetects serial port events[32m 43[2mms[22m[39m
 [32mΓ£ô[39m tests/tools/hw-analysis.test.ts[2m > [22mtoolHw ΓÇö summary mode[2m > [22mdetects door controller events[32m 38[2mms[22m[39m
 [32mΓ£ô[39m tests/tools/search-pattern.test.ts[2m > [22mtoolSearchPattern[2m > [22msupports regex patterns[32m 30[2mms[22m[39m
 [32mΓ£ô[39m tests/tools/search-pattern.test.ts[2m > [22mtoolSearchPattern[2m > [22mfilters by level[32m 28[2mms[22m[39m
 [32mΓ£ô[39m tests/tools/search-pattern.test.ts[2m > [22mtoolSearchPattern[2m > [22mhandles invalid regex[32m 24[2mms[22m[39m
 [32mΓ£ô[39m tests/tools/search-pattern.test.ts[2m > [22mtoolSearchPattern[2m > [22msupports context lines[32m 24[2mms[22m[39m
 [32mΓ£ô[39m tests/tools/auth-analysis.test.ts[2m > [22mtoolAuth ΓÇö summary mode[2m > [22mreports session failures[32m 45[2mms[22m[39m
 [32mΓ£ô[39m tests/tools/auth-analysis.test.ts[2m > [22mtoolAuth ΓÇö summary mode[2m > [22mreports login and logout events[32m 39[2mms[22m[39m
 [32mΓ£ô[39m tests/tools/auth-analysis.test.ts[2m > [22mtoolAuth ΓÇö summary mode[2m > [22mincludes user breakdown[32m 33[2mms[22m[39m
 [32mΓ£ô[39m tests/tools/storage.test.ts[2m > [22mtoolStorage ΓÇö summary mode[2m > [22mshows disk alerts section[32m 40[2mms[22m[39m
 [32mΓ£ô[39m tests/tools/storage.test.ts[2m > [22mtoolStorage ΓÇö summary mode[2m > [22mshows cleaner cycle stats[32m 38[2mms[22m[39m
 [32mΓ£ô[39m tests/tools/storage.test.ts[2m > [22mtoolStorage ΓÇö events mode[2m > [22mlists individual events with timestamps[32m 39[2mms[22m[39m
 [32mΓ£ô[39m tests/tools/db-health.test.ts[2m > [22mtoolDbHealth ΓÇö summary mode[2m > [22mdetects SQL exceptions[32m 60[2mms[22m[39m
 [32mΓ£ô[39m tests/lib/log-reader.test.ts[2m > [22mresolveFileRefs[2m > [22mresolves exact filename[32m 24[2mms[22m[39m
 [32mΓ£ô[39m tests/tools/search-pattern.test.ts[2m > [22mtoolSearchCount[2m > [22mcounts pattern occurrences[32m 23[2mms[22m[39m
 [32mΓ£ô[39m tests/tools/search-pattern.test.ts[2m > [22mtoolSearchCount[2m > [22mreturns table format[32m 24[2mms[22m[39m
 [32mΓ£ô[39m tests/tools/search-pattern.test.ts[2m > [22mtoolSearchAssertAbsent[2m > [22mconfirms absence[32m 23[2mms[22m[39m
 [32mΓ£ô[39m tests/tools/search-pattern.test.ts[2m > [22mtoolSearchAssertAbsent[2m > [22mreports unexpected matches[32m 26[2mms[22m[39m
 [32mΓ£ô[39m tests/tools/alarms.test.ts[2m > [22mtoolAlarms ΓÇö summary mode[2m > [22mincludes event count[32m 29[2mms[22m[39m
 [32mΓ£ô[39m tests/tools/alarms.test.ts[2m > [22mtoolAlarms ΓÇö summary mode[2m > [22mshows recent failures detail[32m 24[2mms[22m[39m
 [32mΓ£ô[39m tests/tools/alarms.test.ts[2m > [22mtoolAlarms ΓÇö events mode[2m > [22mlists events chronologically[32m 23[2mms[22m[39m
 [32mΓ£ô[39m tests/tools/alarms.test.ts[2m > [22mtoolAlarms ΓÇö events mode[2m > [22mshows event categories[32m 22[2mms[22m[39m
 [32mΓ£ô[39m tests/tools/alarms.test.ts[2m > [22mtoolAlarms ΓÇö failures mode[2m > [22misolates notification failures[32m 24[2mms[22m[39m
 [32mΓ£ô[39m tests/tools/interserver.test.ts[2m > [22mtoolInterServer ΓÇö summary mode[2m > [22mdetects ExecuteOnProxy failures[32m 65[2mms[22m[39m
 [32mΓ£ô[39m tests/tools/interserver.test.ts[2m > [22mtoolInterServer ΓÇö summary mode[2m > [22mdetects ClientTerminated events[32m 56[2mms[22m[39m
 [32mΓ£ô[39m tests/tools/network.test.ts[2m > [22mtoolNetwork ΓÇö timeouts mode[2m > [22mshows timeout/refused fingerprint groups[32m 33[2mms[22m[39m
 [32mΓ£ô[39m tests/tools/network.test.ts[2m > [22mtoolNetwork ΓÇö IP:PORT regex precision[2m > [22mextracts valid IP:PORT pairs[32m 55[2mms[22m[39m
 [32mΓ£ô[39m tests/tools/video-health.test.ts[2m > [22mtoolVideoHealth ΓÇö reconnect type detection[2m > [22mclassifies disconnect before reconnect (precedence)[32m 50[2mms[22m[39m
 [32mΓ£ô[39m tests/tools/video-health.test.ts[2m > [22mtoolVideoHealth ΓÇö reconnect type detection[2m > [22mdisconnect regex wins over connect when both could match[32m 47[2mms[22m[39m
 [32mΓ£ô[39m tests/tools/access-control.test.ts[2m > [22mtoolAccessControl ΓÇö events mode[2m > [22mlists events chronologically[32m 48[2mms[22m[39m
 [32mΓ£ô[39m tests/tools/access-control.test.ts[2m > [22mtoolAccessControl ΓÇö events mode[2m > [22mshows event categories[32m 51[2mms[22m[39m
 [32mΓ£ô[39m tests/tools/auth-analysis.test.ts[2m > [22mtoolAuth ΓÇö failures mode[2m > [22mlists authentication failures with fingerprinting[32m 45[2mms[22m[39m
 [32mΓ£ô[39m tests/tools/auth-analysis.test.ts[2m > [22mtoolAuth ΓÇö failures mode[2m > [22mexcludes logins and logouts[32m 53[2mms[22m[39m
 [32mΓ£ô[39m tests/tools/hw-analysis.test.ts[2m > [22mtoolHw ΓÇö summary mode[2m > [22mdetects IO module events[32m 59[2mms[22m[39m
 [32mΓ£ô[39m tests/tools/hw-analysis.test.ts[2m > [22mtoolHw ΓÇö summary mode[2m > [22mdetects connection events[32m 53[2mms[22m[39m
 [32mΓ£ô[39m tests/tools/db-health.test.ts[2m > [22mtoolDbHealth ΓÇö summary mode[2m > [22mdetects pool issues[32m 62[2mms[22m[39m
 [32mΓ£ô[39m tests/tools/db-health.test.ts[2m > [22mtoolDbHealth ΓÇö summary mode[2m > [22mdetects outage windows in summary[32m 52[2mms[22m[39m
 [32mΓ£ô[39m tests/tools/db-health.test.ts[2m > [22mtoolDbHealth ΓÇö summary mode[2m > [22mreports total event count[32m 36[2mms[22m[39m
 [32mΓ£ô[39m tests/tools/storage.test.ts[2m > [22mtoolStorage ΓÇö timeline mode[2m > [22mshows hourly bucket aggregation[32m 46[2mms[22m[39m
 [32mΓ£ô[39m tests/tools/storage.test.ts[2m > [22mtoolStorage ΓÇö timeline mode[2m > [22maggregates multi-hour data correctly[32m 48[2mms[22m[39m
 [32mΓ£ô[39m tests/tools/new-tools.test.ts[2m > [22mtoolAuth[2m > [22mreturns summary with category counts[32m 94[2mms[22m[39m
 [32mΓ£ô[39m tests/tools/interserver.test.ts[2m > [22mtoolInterServer ΓÇö summary mode[2m > [22mlists communication partners[32m 47[2mms[22m[39m
 [32mΓ£ô[39m tests/tools/interserver.test.ts[2m > [22mtoolInterServer ΓÇö summary mode[2m > [22mreports total event count[32m 27[2mms[22m[39m
 [32mΓ£ô[39m tests/tools/interserver.test.ts[2m > [22mtoolInterServer ΓÇö map mode[2m > [22mbuilds server communication map[32m 27[2mms[22m[39m
 [32mΓ£ô[39m tests/tools/interserver.test.ts[2m > [22mtoolInterServer ΓÇö map mode[2m > [22mshows send/recv/fail counts[32m 30[2mms[22m[39m
 [32mΓ£ô[39m tests/tools/network.test.ts[2m > [22mtoolNetwork ΓÇö IP:PORT regex precision[2m > [22mrejects octets above 255[32m 35[2mms[22m[39m
 [32mΓ£ô[39m tests/tools/network.test.ts[2m > [22mtoolNetwork ΓÇö IP:PORT regex precision[2m > [22mhandles IP without port (no port number)[32m 71[2mms[22m[39m
 [31m├ù[39m tests/tools/alarms.test.ts[2m > [22mtoolAlarms ΓÇö failures mode[2m > [22mreturns clean message when no failures exist[32m 73[2mms[22m[39m
[31m   ΓåÆ expected 'Alarm Failures ΓÇö 1 total (showing 1):ΓÇª' to contain 'No alarm/notification failures found'[39m
 [32mΓ£ô[39m tests/tools/video-health.test.ts[2m > [22mtoolVideoHealth ΓÇö empty logs[2m > [22mreturns clean message when no video events[32m 48[2mms[22m[39m
 [32mΓ£ô[39m tests/tools/video-health.test.ts[2m > [22mtoolVideoHealth ΓÇö empty logs[2m > [22mreturns message when no files found[32m 50[2mms[22m[39m
 [31m├ù[39m tests/tools/auth-analysis.test.ts[2m > [22mtoolAuth ΓÇö failures mode[2m > [22mgroups duplicate failures[32m 67[2mms[22m[39m
[31m   ΓåÆ expected 'Found 5 authentication failure(s) (shΓÇª' to match /2├ù/[39m
 [32mΓ£ô[39m tests/tools/hw-analysis.test.ts[2m > [22mtoolHw ΓÇö summary mode[2m > [22mreports total event count[32m 47[2mms[22m[39m
 [32mΓ£ô[39m tests/tools/hw-analysis.test.ts[2m > [22mtoolHw ΓÇö advantech mode[2m > [22mfilters to Advantech/ADAM events only[32m 64[2mms[22m[39m
 [32mΓ£ô[39m tests/tools/db-health.test.ts[2m > [22mtoolDbHealth ΓÇö outages mode[2m > [22mclusters failures within 60s into outage windows[32m 40[2mms[22m[39m
 [32mΓ£ô[39m tests/tools/db-health.test.ts[2m > [22mtoolDbHealth ΓÇö outages mode[2m > [22mreports event count in outage[32m 30[2mms[22m[39m
 [32mΓ£ô[39m tests/tools/db-health.test.ts[2m > [22mtoolDbHealth ΓÇö events mode[2m > [22mlists individual events[32m 27[2mms[22m[39m
 [32mΓ£ô[39m tests/tools/video-health.test.ts[2m > [22mtoolVideoHealth ΓÇö tryReadLogEntries warnings[2m > [22mpropagates warnings for unreadable files[32m 41[2mms[22m[39m
 [32mΓ£ô[39m tests/tools/storage.test.ts[2m > [22mtoolStorage ΓÇö empty logs[2m > [22mreturns clean message when no storage events[32m 46[2mms[22m[39m
 [32mΓ£ô[39m tests/tools/storage.test.ts[2m > [22mtoolStorage ΓÇö empty logs[2m > [22mreturns message when no files found[32m 50[2mms[22m[39m
 [32mΓ£ô[39m tests/tools/access-control.test.ts[2m > [22mtoolAccessControl ΓÇö failures mode[2m > [22misolates failure events[32m 50[2mms[22m[39m
 [32mΓ£ô[39m tests/tools/access-control.test.ts[2m > [22mtoolAccessControl ΓÇö sync mode[2m > [22mdetects sync status[32m 61[2mms[22m[39m
 [31m├ù[39m tests/tools/storage.test.ts[2m > [22mtoolStorage ΓÇö tryReadLogEntries warnings[2m > [22mpropagates warnings for unreadable files[32m 51[2mms[22m[39m
[31m   ΓåÆ expected 'Storage Summary ΓÇö 3 events across 1 fΓÇª' to contain '[WARNING]'[39m
 [32mΓ£ô[39m tests/tools/misc-tools.test.ts[2m > [22mtoolGetProcessLifetimes[2m > [22mextracts process lifetimes from sccp[32m 84[2mms[22m[39m
 [32mΓ£ô[39m tests/tools/new-tools.test.ts[2m > [22mtoolAuth[2m > [22mreturns failures list[32m 56[2mms[22m[39m
 [32mΓ£ô[39m tests/tools/interserver.test.ts[2m > [22mtoolInterServer ΓÇö map mode[2m > [22mshows total peers[32m 26[2mms[22m[39m
 [32mΓ£ô[39m tests/tools/interserver.test.ts[2m > [22mtoolInterServer ΓÇö failures mode[2m > [22mlists failure events[32m 29[2mms[22m[39m
 [32mΓ£ô[39m tests/tools/interserver.test.ts[2m > [22mtoolInterServer ΓÇö failures mode[2m > [22mincludes ClientTerminated failures[32m 26[2mms[22m[39m
 [32mΓ£ô[39m tests/tools/network.test.ts[2m > [22mtoolNetwork ΓÇö empty logs[2m > [22mreturns clean message when no network events[32m 58[2mms[22m[39m
 [32mΓ£ô[39m tests/tools/network.test.ts[2m > [22mtoolNetwork ΓÇö empty logs[2m > [22mreturns message when no files found[32m 61[2mms[22m[39m
 [31m├ù[39m tests/tools/alarms.test.ts[2m > [22mtoolAlarms ΓÇö empty[2m > [22mreturns clean output when no alarm events[32m 107[2mms[22m[39m
[31m   ΓåÆ expected 'Alarms & Events Summary ΓÇö 4 events acΓÇª' to contain 'No alarm/event rule activity found'[39m
 [32mΓ£ô[39m tests/tools/auth-analysis.test.ts[2m > [22mtoolAuth ΓÇö sessions mode[2m > [22mtracks session events[32m 58[2mms[22m[39m
 [32mΓ£ô[39m tests/tools/auth-analysis.test.ts[2m > [22mtoolAuth ΓÇö sessions mode[2m > [22mshows user for each session event[32m 68[2mms[22m[39m
 [32mΓ£ô[39m tests/tools/db-health.test.ts[2m > [22mtoolDbHealth ΓÇö events mode[2m > [22mshows recovery events[32m 24[2mms[22m[39m
 [32mΓ£ô[39m tests/tools/db-health.test.ts[2m > [22mtoolDbHealth ΓÇö events mode[2m > [22mshows SQL error events[32m 36[2mms[22m[39m
 [32mΓ£ô[39m tests/tools/db-health.test.ts[2m > [22mtoolDbHealth ΓÇö clean database[2m > [22mreturns clean output when no DB errors[32m 25[2mms[22m[39m
 [32mΓ£ô[39m tests/tools/alarms.test.ts[2m > [22mtoolAlarms ΓÇö warnings[2m > [22mpropagates tryReadLogEntries warnings[32m 67[2mms[22m[39m
 [32mΓ£ô[39m tests/tools/hw-analysis.test.ts[2m > [22mtoolHw ΓÇö advantech mode[2m > [22mshows ReadCoil failure[32m 61[2mms[22m[39m
 [32mΓ£ô[39m tests/tools/hw-analysis.test.ts[2m > [22mtoolHw ΓÇö devices mode[2m > [22mlists known devices[32m 71[2mms[22m[39m
 [32mΓ£ô[39m tests/tools/db-health.test.ts[2m > [22mtoolDbHealth ΓÇö single failure (no outage)[2m > [22mdoes not form outage window with fewer than 3 events[32m 38[2mms[22m[39m
 [32mΓ£ô[39m tests/tools/db-health.test.ts[2m > [22mtoolDbHealth ΓÇö warnings[2m > [22mreturns no-files message for nonexistent prefix[32m 19[2mms[22m[39m
 [32mΓ£ô[39m tests/tools/connectivity.test.ts[2m > [22mscanConnectivity[2m > [22mdetects SEEMS FAILED servers[32m 108[2mms[22m[39m
 [32mΓ£ô[39m tests/tools/connectivity.test.ts[2m > [22mscanConnectivity[2m > [22mdetects one-way ALIVE (send but no receive)[32m 86[2mms[22m[39m
 [32mΓ£ô[39m tests/tools/misc-tools.test.ts[2m > [22mtoolGetProcessLifetimes[2m > [22mfilters symphony-only processes[32m 75[2mms[22m[39m
 [31m├ù[39m tests/tools/access-control.test.ts[2m > [22mtoolAccessControl ΓÇö empty[2m > [22mreturns clean output when no access control events[32m 144[2mms[22m[39m
[31m   ΓåÆ expected 'Access Control Summary ΓÇö 3 events acrΓÇª' to contain 'No access control events found'[39m
 [32mΓ£ô[39m tests/tools/access-control.test.ts[2m > [22mtoolAccessControl ΓÇö warnings[2m > [22mpropagates tryReadLogEntries warnings[32m 55[2mms[22m[39m
 [32mΓ£ô[39m tests/tools/new-tools.test.ts[2m > [22mtoolAuth[2m > [22mreturns sessions with login/logout[32m 74[2mms[22m[39m
 [32mΓ£ô[39m tests/tools/new-tools.test.ts[2m > [22mtoolAuth[2m > [22mfilters by username[32m 91[2mms[22m[39m
 [32mΓ£ô[39m tests/tools/interserver.test.ts[2m > [22mtoolInterServer ΓÇö asymmetric communication[2m > [22mdetects one-way communication (sends but no receives)[32m 41[2mms[22m[39m
 [32mΓ£ô[39m tests/tools/interserver.test.ts[2m > [22mtoolInterServer ΓÇö isolated server[2m > [22mdetects isolated server pattern in map mode[32m 37[2mms[22m[39m
 [32mΓ£ô[39m tests/tools/interserver.test.ts[2m > [22mtoolInterServer ΓÇö noise filtering[2m > [22maggregates multiple client ports per IP[32m 44[2mms[22m[39m
 [32mΓ£ô[39m tests/tools/network.test.ts[2m > [22mtoolNetwork ΓÇö DNS failures[2m > [22mdetects DNS resolution failures[32m 55[2mms[22m[39m
 [32mΓ£ô[39m tests/tools/network.test.ts[2m > [22mtoolNetwork ΓÇö tryReadLogEntries warnings[2m > [22mpropagates warnings for unreadable files[32m 74[2mms[22m[39m
 [32mΓ£ô[39m tests/tools/interserver.test.ts[2m > [22mtoolInterServer ΓÇö empty[2m > [22mreturns clean output when no interserver events[32m 29[2mms[22m[39m
 [32mΓ£ô[39m tests/tools/interserver.test.ts[2m > [22mtoolInterServer ΓÇö empty[2m > [22mreturns no-files message for nonexistent files[32m 28[2mms[22m[39m
 [32mΓ£ô[39m tests/tools/hw-analysis.test.ts[2m > [22mtoolHw ΓÇö devices mode[2m > [22mshows error counts per device[32m 53[2mms[22m[39m
 [32mΓ£ô[39m tests/tools/hw-analysis.test.ts[2m > [22mtoolHw ΓÇö errors mode[2m > [22mlists hardware errors[32m 29[2mms[22m[39m
 [32mΓ£ô[39m tests/tools/hw-analysis.test.ts[2m > [22mtoolHw ΓÇö errors mode[2m > [22mincludes serial port errors[32m 33[2mms[22m[39m
 [32mΓ£ô[39m tests/tools/misc-tools.test.ts[2m > [22mtoolGetStackTraces[2m > [22mextracts stack traces from IS logs[32m 118[2mms[22m[39m
 [32mΓ£ô[39m tests/tools/connectivity.test.ts[2m > [22mscanConnectivity[2m > [22mdetects healthy bidirectional ALIVE exchange[32m 49[2mms[22m[39m
 [32mΓ£ô[39m tests/tools/connectivity.test.ts[2m > [22mscanConnectivity[2m > [22mdetects ForceServerRefreshDeviceGraph presence[32m 32[2mms[22m[39m
 [32mΓ£ô[39m tests/tools/connectivity.test.ts[2m > [22mscanConnectivity[2m > [22mflags missing ForceServerRefreshDeviceGraph[32m 28[2mms[22m[39m
 [32mΓ£ô[39m tests/tools/new-tools.test.ts[2m > [22mtoolAuth[2m > [22mreturns no-data message when no auth events[32m 64[2mms[22m[39m
 [32mΓ£ô[39m tests/tools/hw-analysis.test.ts[2m > [22mtoolHw ΓÇö errors mode[2m > [22mincludes door controller errors[32m 25[2mms[22m[39m
 [32mΓ£ô[39m tests/tools/hw-analysis.test.ts[2m > [22mtoolHw ΓÇö empty / no match[2m > [22mreturns clean output when no HW events[32m 28[2mms[22m[39m
 [32mΓ£ô[39m tests/tools/hw-analysis.test.ts[2m > [22mtoolHw ΓÇö empty / no match[2m > [22mreturns clean output with device filter that matches nothing[32m 22[2mms[22m[39m
 [32mΓ£ô[39m tests/tools/auth-analysis.test.ts[2m > [22mtoolAuth ΓÇö SESSION_FAILURE_CONTENT[2m > [22mdetects session token failures[32m 174[2mms[22m[39m
 [32mΓ£ô[39m tests/tools/connectivity.test.ts[2m > [22mscanConnectivity[2m > [22mdetects DeltaCache polling gaps exceeding adaptive threshold[32m 30[2mms[22m[39m
 [32mΓ£ô[39m tests/tools/connectivity.test.ts[2m > [22mscanConnectivity[2m > [22mreturns no gaps for normal polling intervals[32m 29[2mms[22m[39m
 [32mΓ£ô[39m tests/tools/connectivity.test.ts[2m > [22mscanConnectivity[2m > [22mreturns empty findings when no IS files exist[32m 30[2mms[22m[39m
 [32mΓ£ô[39m tests/tools/misc-tools.test.ts[2m > [22mtoolGetStackTraces[2m > [22mhandles files without stack traces[32m 87[2mms[22m[39m
 [32mΓ£ô[39m tests/tools/misc-tools.test.ts[2m > [22mtoolListLogFiles[2m > [22mlists all log files[32m 65[2mms[22m[39m
 [32mΓ£ô[39m tests/tools/new-tools.test.ts[2m > [22mtoolDbHealth[2m > [22mreturns summary with event categories[32m 102[2mms[22m[39m
 [32mΓ£ô[39m tests/tools/auth-analysis.test.ts[2m > [22mtoolAuth ΓÇö empty[2m > [22mreturns clean output when no auth events[32m 118[2mms[22m[39m
 [32mΓ£ô[39m tests/tools/auth-analysis.test.ts[2m > [22mtoolAuth ΓÇö warnings[2m > [22mpropagates tryReadLogEntries warnings[32m 44[2mms[22m[39m
 [32mΓ£ô[39m tests/tools/search-errors.test.ts[2m > [22mcomputeErrorGroups[2m > [22mfinds errors in IS logs[32m 70[2mms[22m[39m
 [32mΓ£ô[39m tests/tools/hw-analysis.test.ts[2m > [22mtoolHw ΓÇö regex precision[2m > [22mdoes not false-positive on 'adamant' (word boundary check)[32m 47[2mms[22m[39m
 [32mΓ£ô[39m tests/tools/hw-analysis.test.ts[2m > [22mtoolHw ΓÇö regex precision[2m > [22mmatches ADAM-6050 device ID correctly[32m 69[2mms[22m[39m
 [32mΓ£ô[39m tests/tools/hw-analysis.test.ts[2m > [22mtoolHw ΓÇö warnings[2m > [22mreturns warning when log files do not exist[32m 57[2mms[22m[39m
 [32mΓ£ô[39m tests/tools/connectivity.test.ts[2m > [22mscanConnectivity[2m > [22mdetects DownServer RPC reports[32m 52[2mms[22m[39m
 [32mΓ£ô[39m tests/tools/connectivity.test.ts[2m > [22mscanConnectivity[2m > [22mdetects master changeover events[32m 88[2mms[22m[39m
 [32mΓ£ô[39m tests/tools/misc-tools.test.ts[2m > [22mtoolListLogFiles[2m > [22mfilters by prefix[32m 40[2mms[22m[39m
 [32mΓ£ô[39m tests/tools/misc-tools.test.ts[2m > [22msummarizeProcessNames[2m > [22mreturns non-tracker names as-is[32m 53[2mms[22m[39m
 [32mΓ£ô[39m tests/tools/new-tools.test.ts[2m > [22mtoolDbHealth[2m > [22mdetects outage windows from failure bursts[32m 62[2mms[22m[39m
 [32mΓ£ô[39m tests/tools/new-tools.test.ts[2m > [22mtoolDbHealth[2m > [22mlists events chronologically[32m 23[2mms[22m[39m
 [32mΓ£ô[39m tests/tools/new-tools.test.ts[2m > [22mtoolDbHealth[2m > [22mreturns no-data message when no DB events[32m 27[2mms[22m[39m
 [32mΓ£ô[39m tests/tools/new-tools.test.ts[2m > [22mtoolCameras[2m > [22mdiscovers cameras from vidcaps and tracker files[32m 30[2mms[22m[39m
 [32mΓ£ô[39m tests/tools/search-errors.test.ts[2m > [22mcomputeErrorGroups[2m > [22mdeduplicates by fingerprint[32m 71[2mms[22m[39m
 [32mΓ£ô[39m tests/tools/keyword-tools.test.ts[2m > [22mtoolVideoHealth[2m > [22manalyzes video logs[32m 64[2mms[22m[39m
 [32mΓ£ô[39m tests/tools/camera-analysis.test.ts[2m > [22mtoolCameras ΓÇö inventory mode[2m > [22mdiscovers cameras from vidcaps files[32m 36[2mms[22m[39m
 [32mΓ£ô[39m tests/tools/camera-analysis.test.ts[2m > [22mtoolCameras ΓÇö inventory mode[2m > [22mreports vidcaps capabilities[32m 24[2mms[22m[39m
 [32mΓ£ô[39m tests/tools/misc-tools.test.ts[2m > [22msummarizeProcessNames[2m > [22mkeeps a single tracker as-is[32m 61[2mms[22m[39m
 [32mΓ£ô[39m tests/tools/misc-tools.test.ts[2m > [22msummarizeProcessNames[2m > [22mcollapses consecutive tracker IDs into ranges[32m 49[2mms[22m[39m
 [32mΓ£ô[39m tests/tools/new-tools.test.ts[2m > [22mtoolCameras[2m > [22mreports camera problems[32m 30[2mms[22m[39m
 [32mΓ£ô[39m tests/tools/new-tools.test.ts[2m > [22mtoolCameras[2m > [22mshows camera status overview[32m 59[2mms[22m[39m
 [32mΓ£ô[39m tests/tools/connectivity.test.ts[2m > [22mscanConnectivity[2m > [22muses adaptive DeltaCache threshold (2├ù median)[32m 100[2mms[22m[39m
 [32mΓ£ô[39m tests/tools/misc-tools.test.ts[2m > [22msummarizeProcessNames[2m > [22mhandles multiple non-consecutive ranges[32m 33[2mms[22m[39m
 [32mΓ£ô[39m tests/tools/misc-tools.test.ts[2m > [22msummarizeProcessNames[2m > [22mmixes trackers and other processes[32m 19[2mms[22m[39m
 [32mΓ£ô[39m tests/tools/misc-tools.test.ts[2m > [22msummarizeProcessNames[2m > [22mhandles unsorted input[32m 15[2mms[22m[39m
 [32mΓ£ô[39m tests/tools/search-errors.test.ts[2m > [22mcomputeErrorGroups[2m > [22mtimeout group has count 2[32m 79[2mms[22m[39m
 [32mΓ£ô[39m tests/tools/search-errors.test.ts[2m > [22mcomputeErrorGroups[2m > [22mdetects stack traces[32m 45[2mms[22m[39m
 [32mΓ£ô[39m tests/tools/keyword-tools.test.ts[2m > [22mtoolStorage[2m > [22manalyzes storage logs[32m 39[2mms[22m[39m
 [32mΓ£ô[39m tests/tools/keyword-tools.test.ts[2m > [22mtoolAlarms[2m > [22manalyzes alarm logs[32m 51[2mms[22m[39m
 [32mΓ£ô[39m tests/tools/camera-analysis.test.ts[2m > [22mtoolCameras ΓÇö problems mode[2m > [22mdetects disconnects[32m 74[2mms[22m[39m
 [32mΓ£ô[39m tests/tools/camera-analysis.test.ts[2m > [22mtoolCameras ΓÇö problems mode[2m > [22mreports error counts[32m 26[2mms[22m[39m
 [32mΓ£ô[39m tests/tools/camera-analysis.test.ts[2m > [22mtoolCameras ΓÇö status mode[2m > [22mreports camera status summary[32m 35[2mms[22m[39m
 [32mΓ£ô[39m tests/tools/summarize-health.test.ts[2m > [22mtoolSummarizeHealth[2m > [22mproduces health summary[32m 71[2mms[22m[39m
 [32mΓ£ô[39m tests/tools/new-tools.test.ts[2m > [22mtoolCameras[2m > [22mfilters by camera ID[32m 52[2mms[22m[39m
 [32mΓ£ô[39m tests/tools/new-tools.test.ts[2m > [22mtoolCameras[2m > [22mreturns no-cameras message for empty dir[32m 43[2mms[22m[39m
 [32mΓ£ô[39m tests/tools/connectivity.test.ts[2m > [22mscanConnectivity[2m > [22mdetects BACK UP recovery events[32m 67[2mms[22m[39m
 [32mΓ£ô[39m tests/tools/connectivity.test.ts[2m > [22mscanConnectivity[2m > [22mdetects SSL certificate policy issues[32m 79[2mms[22m[39m
 [32mΓ£ô[39m tests/lib/symphony-patterns.test.ts[2m > [22misSymphonyProcess[2m > [22mreturns true for Tracker(1)[32m 4[2mms[22m[39m
 [32mΓ£ô[39m tests/lib/symphony-patterns.test.ts[2m > [22misSymphonyProcess[2m > [22mreturns true for Tracker (5)[32m 0[2mms[22m[39m
 [32mΓ£ô[39m tests/lib/symphony-patterns.test.ts[2m > [22misSymphonyProcess[2m > [22mreturns true for infoservice.exe[32m 0[2mms[22m[39m
 [32mΓ£ô[39m tests/lib/symphony-patterns.test.ts[2m > [22misSymphonyProcess[2m > [22mreturns true for ae.exe[32m 0[2mms[22m[39m
 [32mΓ£ô[39m tests/lib/symphony-patterns.test.ts[2m > [22misSymphonyProcess[2m > [22mreturns true for seermanager.exe[32m 0[2mms[22m[39m
 [32mΓ£ô[39m tests/lib/symphony-patterns.test.ts[2m > [22misSymphonyProcess[2m > [22mreturns true for scheduler.exe[32m 0[2mms[22m[39m
 [32mΓ£ô[39m tests/lib/symphony-patterns.test.ts[2m > [22misSymphonyProcess[2m > [22mreturns true for fusionengineservice.exe[32m 0[2mms[22m[39m
 [32mΓ£ô[39m tests/lib/symphony-patterns.test.ts[2m > [22misSymphonyProcess[2m > [22mreturns true for hardwarecontainerservice.exe[32m 0[2mms[22m[39m
 [32mΓ£ô[39m tests/lib/symphony-patterns.test.ts[2m > [22misSymphonyProcess[2m > [22mreturns true for mobilebridge.exe[32m 1[2mms[22m[39m
 [32mΓ£ô[39m tests/lib/symphony-patterns.test.ts[2m > [22misSymphonyProcess[2m > [22mreturns true for onvifserver.exe[32m 1[2mms[22m[39m
 [32mΓ£ô[39m tests/lib/symphony-patterns.test.ts[2m > [22misSymphonyProcess[2m > [22mreturns true for killall.exe[32m 0[2mms[22m[39m
 [32mΓ£ô[39m tests/lib/symphony-patterns.test.ts[2m > [22misSymphonyProcess[2m > [22mreturns true for nssm.exe[32m 0[2mms[22m[39m
 [32mΓ£ô[39m tests/lib/symphony-patterns.test.ts[2m > [22misSymphonyProcess[2m > [22mreturns true for surrogateexe.exe[32m 0[2mms[22m[39m
 [32mΓ£ô[39m tests/lib/symphony-patterns.test.ts[2m > [22misSymphonyProcess[2m > [22mreturns true for netsendhistmfc.exe[32m 0[2mms[22m[39m
 [32mΓ£ô[39m tests/lib/symphony-patterns.test.ts[2m > [22misSymphonyProcess[2m > [22mreturns true for seer.web.host.exe[32m 0[2mms[22m[39m
 [32mΓ£ô[39m tests/lib/symphony-patterns.test.ts[2m > [22misSymphonyProcess[2m > [22mreturns false for chrome.exe[32m 0[2mms[22m[39m
 [32mΓ£ô[39m tests/lib/symphony-patterns.test.ts[2m > [22misSymphonyProcess[2m > [22mreturns false for explorer.exe[32m 0[2mms[22m[39m
 [32mΓ£ô[39m tests/lib/symphony-patterns.test.ts[2m > [22misSymphonyProcess[2m > [22mreturns false for sqlservr.exe[32m 0[2mms[22m[39m
 [32mΓ£ô[39m tests/lib/symphony-patterns.test.ts[2m > [22misSymphonyProcess[2m > [22mreturns false for w3wp.exe[32m 0[2mms[22m[39m
 [32mΓ£ô[39m tests/lib/symphony-patterns.test.ts[2m > [22misSymphonyProcess[2m > [22mreturns false for System[32m 0[2mms[22m[39m
 [32mΓ£ô[39m tests/lib/symphony-patterns.test.ts[2m > [22misSymphonyProcess[2m > [22mreturns false for svchost.exe[32m 0[2mms[22m[39m
 [32mΓ£ô[39m tests/lib/symphony-patterns.test.ts[2m > [22misSymphonyService[2m > [22mreturns true for Symphony services[32m 1[2mms[22m[39m
 [32mΓ£ô[39m tests/lib/symphony-patterns.test.ts[2m > [22misSymphonyService[2m > [22mreturns false for non-Symphony services[32m 1[2mms[22m[39m
 [32mΓ£ô[39m tests/lib/symphony-patterns.test.ts[2m > [22mpattern arrays are exported[2m > [22mSYMPHONY_PROCESS_PATTERNS is a non-empty array of RegExp[32m 1[2mms[22m[39m
 [32mΓ£ô[39m tests/lib/symphony-patterns.test.ts[2m > [22mpattern arrays are exported[2m > [22mSYMPHONY_SERVICE_PATTERNS is a non-empty array of RegExp[32m 0[2mms[22m[39m
 [32mΓ£ô[39m tests/tools/camera-analysis.test.ts[2m > [22mtoolCameras ΓÇö empty[2m > [22mreturns clean output when no camera files[32m 54[2mms[22m[39m
 [32mΓ£ô[39m tests/tools/camera-analysis.test.ts[2m > [22mtoolCameras ΓÇö warnings[2m > [22mpropagates tryReadLogEntries warnings[32m 26[2mms[22m[39m
 [32mΓ£ô[39m tests/tools/keyword-tools.test.ts[2m > [22mtoolNetwork[2m > [22manalyzes network logs[32m 49[2mms[22m[39m
 [32mΓ£ô[39m tests/tools/keyword-tools.test.ts[2m > [22mtoolAccessControl[2m > [22manalyzes access control logs[32m 66[2mms[22m[39m
 [32mΓ£ô[39m tests/tools/search-errors.test.ts[2m > [22mcomputeErrorGroups[2m > [22mrespects time window[32m 53[2mms[22m[39m
 [32mΓ£ô[39m tests/tools/search-errors.test.ts[2m > [22mtoolSearchErrors[2m > [22mreturns formatted output[32m 68[2mms[22m[39m
 [32mΓ£ô[39m tests/tools/search-errors.test.ts[2m > [22mtoolSearchErrors[2m > [22mincludes stack traces when requested[32m 24[2mms[22m[39m
 [32mΓ£ô[39m tests/tools/search-http-requests.test.ts[2m > [22mtoolSearchHttpRequests[2m > [22mfinds HTTP requests[32m 82[2mms[22m[39m
 [32mΓ£ô[39m tests/tools/search-errors.test.ts[2m > [22mtoolSearchErrors[2m > [22mhandles clean logs[32m 28[2mms[22m[39m
 [32mΓ£ô[39m tests/tools/service-lifecycle.test.ts[2m > [22mtoolGetServiceLifecycle[2m > [22mdetects service lifecycle events[32m 67[2mms[22m[39m
 [32mΓ£ô[39m tests/tools/summarize-health.test.ts[2m > [22mtoolSummarizeHealth[2m > [22mincludes health rating[32m 63[2mms[22m[39m
 [32mΓ£ô[39m tests/tools/summarize-health.test.ts[2m > [22mtoolSummarizeHealth[2m > [22mincludes error context when provided[32m 25[2mms[22m[39m
 [32mΓ£ô[39m tests/tools/summarize-health.test.ts[2m > [22mtoolMemoryTrends[2m > [22manalyzes memory trends[32m 24[2mms[22m[39m
 [32mΓ£ô[39m tests/tools/new-tools.test.ts[2m > [22mtoolInterServer[2m > [22mreturns communication summary[32m 68[2mms[22m[39m
 [32mΓ£ô[39m tests/tools/new-tools.test.ts[2m > [22mtoolInterServer[2m > [22mbuilds a communication map[32m 31[2mms[22m[39m
 [32mΓ£ô[39m tests/tools/new-tools.test.ts[2m > [22mtoolInterServer[2m > [22mlists failures[32m 44[2mms[22m[39m
 [32mΓ£ô[39m tests/tools/summarize-health.test.ts[2m > [22mtoolMemoryTrends[2m > [22mreturns message when no matching data[32m 44[2mms[22m[39m
 [32mΓ£ô[39m tests/tools/search-http-requests.test.ts[2m > [22mtoolSearchHttpRequests[2m > [22mfilters slow requests[32m 40[2mms[22m[39m
 [32mΓ£ô[39m tests/tools/search-http-requests.test.ts[2m > [22mtoolSearchHttpRequests[2m > [22mshows rates[32m 37[2mms[22m[39m
 [32mΓ£ô[39m tests/tools/search-http-requests.test.ts[2m > [22mtoolSearchHttpRequests[2m > [22mshows totals[32m 28[2mms[22m[39m
 [32mΓ£ô[39m tests/tools/service-lifecycle.test.ts[2m > [22mtoolGetServiceLifecycle[2m > [22mfilters by time window[32m 41[2mms[22m[39m
 [32mΓ£ô[39m tests/tools/service-lifecycle.test.ts[2m > [22mtoolDetectLogGaps[2m > [22mdetects gaps in logging[32m 29[2mms[22m[39m
 [32mΓ£ô[39m tests/tools/service-lifecycle.test.ts[2m > [22mtoolDetectLogGaps[2m > [22mhandles no-gap scenario[32m 23[2mms[22m[39m
 [32mΓ£ô[39m tests/tools/connectivity.test.ts[2m > [22mscanConnectivity[2m > [22mdetects No message dispatcher overload[32m 35[2mms[22m[39m
 [32mΓ£ô[39m tests/tools/connectivity.test.ts[2m > [22mscanConnectivity[2m > [22mdetects service stop requests (restart cause)[32m 50[2mms[22m[39m
 [32mΓ£ô[39m tests/tools/connectivity.test.ts[2m > [22mscanConnectivity[2m > [22mdetects PendingChanges timeouts[32m 28[2mms[22m[39m
 [32mΓ£ô[39m tests/lib/prefix-map.test.ts[2m > [22mdecodePrefix[2m > [22mexact prefix matches[2m > [22mdecodes 'is' as Information Service[32m 4[2mms[22m[39m
 [32mΓ£ô[39m tests/lib/prefix-map.test.ts[2m > [22mdecodePrefix[2m > [22mexact prefix matches[2m > [22mdecodes 'ae' as AiraExplorer Client[32m 1[2mms[22m[39m
 [32mΓ£ô[39m tests/lib/prefix-map.test.ts[2m > [22mdecodePrefix[2m > [22mexact prefix matches[2m > [22mdecodes 'sc' as Scheduler main[32m 0[2mms[22m[39m
 [32mΓ£ô[39m tests/lib/prefix-map.test.ts[2m > [22mdecodePrefix[2m > [22mexact prefix matches[2m > [22mdecodes 'sccp' as Scheduler CPU/Memory Stats[32m 0[2mms[22m[39m
 [32mΓ£ô[39m tests/lib/prefix-map.test.ts[2m > [22mdecodePrefix[2m > [22mexact prefix matches[2m > [22mdecodes 'pd' as Process Debugger[32m 0[2mms[22m[39m
 [32mΓ£ô[39m tests/lib/prefix-map.test.ts[2m > [22mdecodePrefix[2m > [22mexact prefix matches[2m > [22mdecodes 'mo' as Mobile Bridge[32m 0[2mms[22m[39m
 [32mΓ£ô[39m tests/lib/prefix-map.test.ts[2m > [22mdecodePrefix[2m > [22mexact prefix matches[2m > [22mdecodes 'hm' as Health Monitoring / Watchdog[32m 0[2mms[22m[39m
 [32mΓ£ô[39m tests/lib/prefix-map.test.ts[2m > [22mdecodePrefix[2m > [22mexact prefix matches[2m > [22mdecodes 'da' as Data Access Service[32m 0[2mms[22m[39m
 [32mΓ£ô[39m tests/lib/prefix-map.test.ts[2m > [22mdecodePrefix[2m > [22mexact prefix matches[2m > [22mdecodes 'http' as Web Host[32m 0[2mms[22m[39m
 [32mΓ£ô[39m tests/lib/prefix-map.test.ts[2m > [22mdecodePrefix[2m > [22mexact prefix matches[2m > [22mdecodes 'ac' as Access Control[32m 1[2mms[22m[39m
 [32mΓ£ô[39m tests/lib/prefix-map.test.ts[2m > [22mdecodePrefix[2m > [22mexact prefix matches[2m > [22mdecodes 'sso' as SSO Server[32m 0[2mms[22m[39m
 [32mΓ£ô[39m tests/lib/prefix-map.test.ts[2m > [22mdecodePrefix[2m > [22mexact prefix matches[2m > [22mdecodes 'vp' as VMS Player[32m 1[2mms[22m[39m
 [32mΓ£ô[39m tests/lib/prefix-map.test.ts[2m > [22mdecodePrefix[2m > [22mexact prefix matches[2m > [22mdecodes 'fe' as Fusion Engine Service[32m 0[2mms[22m[39m
 [32mΓ£ô[39m tests/lib/prefix-map.test.ts[2m > [22mdecodePrefix[2m > [22mdynamic prefix patterns[2m > [22mdecodes 'cs01' as Tracker for camera 1[32m 1[2mms[22m[39m
 [32mΓ£ô[39m tests/lib/prefix-map.test.ts[2m > [22mdecodePrefix[2m > [22mdynamic prefix patterns[2m > [22mdecodes 'cs3' as Tracker for camera 3[32m 0[2mms[22m[39m
 [32mΓ£ô[39m tests/lib/prefix-map.test.ts[2m > [22mdecodePrefix[2m > [22mdynamic prefix patterns[2m > [22mdecodes 'cs123' as Tracker for camera 123[32m 0[2mms[22m[39m
 [32mΓ£ô[39m tests/lib/prefix-map.test.ts[2m > [22mdecodePrefix[2m > [22mdynamic prefix patterns[2m > [22mdecodes 'se00A' as Surrogate/OPX viewing panel[32m 0[2mms[22m[39m
 [32mΓ£ô[39m tests/lib/prefix-map.test.ts[2m > [22mdecodePrefix[2m > [22mdynamic prefix patterns[2m > [22mdecodes 'hcs1' as Hardware Container Service instance[32m 0[2mms[22m[39m
 [32mΓ£ô[39m tests/lib/prefix-map.test.ts[2m > [22mdecodePrefix[2m > [22mdynamic prefix patterns[2m > [22mdecodes 'hs01' as NetSendHistChild instance[32m 0[2mms[22m[39m
 [32mΓ£ô[39m tests/lib/prefix-map.test.ts[2m > [22mdecodePrefix[2m > [22mdynamic prefix patterns[2m > [22mdecodes 'ae_8000' as AiraExplorer with port[32m 0[2mms[22m[39m
 [32mΓ£ô[39m tests/lib/prefix-map.test.ts[2m > [22mdecodePrefix[2m > [22medge cases[2m > [22mdecodes bare 'se' as Setup Wizard / Surrogate ambiguity[32m 0[2mms[22m[39m
 [32mΓ£ô[39m tests/lib/prefix-map.test.ts[2m > [22mdecodePrefix[2m > [22medge cases[2m > [22mstrips trailing dash ΓÇö 'se-' resolves same as 'se'[32m 0[2mms[22m[39m
 [32mΓ£ô[39m tests/lib/prefix-map.test.ts[2m > [22mdecodePrefix[2m > [22medge cases[2m > [22mis case-insensitive[32m 0[2mms[22m[39m
 [32mΓ£ô[39m tests/lib/prefix-map.test.ts[2m > [22mdecodePrefix[2m > [22medge cases[2m > [22mreturns Unknown for unrecognized prefix[32m 0[2mms[22m[39m
 [32mΓ£ô[39m tests/lib/prefix-map.test.ts[2m > [22mlistKnownPrefixes[2m > [22mreturns a non-empty array[32m 1[2mms[22m[39m
 [32mΓ£ô[39m tests/lib/prefix-map.test.ts[2m > [22mlistKnownPrefixes[2m > [22mincludes the 'is' prefix[32m 0[2mms[22m[39m
 [32mΓ£ô[39m tests/lib/prefix-map.test.ts[2m > [22mlistKnownPrefixes[2m > [22mevery entry has description, category, and side[32m 18[2mms[22m[39m
 [32mΓ£ô[39m tests/tools/new-tools.test.ts[2m > [22mtoolInterServer[2m > [22mfilters by server ID[32m 29[2mms[22m[39m
 [32mΓ£ô[39m tests/tools/new-tools.test.ts[2m > [22mtoolInterServer[2m > [22mreturns no-data on empty log[32m 19[2mms[22m[39m
 [32mΓ£ô[39m tests/tools/new-tools.test.ts[2m > [22mtoolHw[2m > [22mreturns hardware summary[32m 25[2mms[22m[39m
 [32mΓ£ô[39m tests/tools/new-tools.test.ts[2m > [22mtoolHw[2m > [22mshows Advantech events[32m 20[2mms[22m[39m
 [32mΓ£ô[39m tests/tools/new-tools.test.ts[2m > [22mtoolHw[2m > [22mbuilds device inventory[32m 21[2mms[22m[39m
 [32mΓ£ô[39m tests/lib/system-info-parser.test.ts[2m > [22mparseServicesTxt[2m > [22mreturns 3 services[32m 5[2mms[22m[39m
 [32mΓ£ô[39m tests/lib/system-info-parser.test.ts[2m > [22mparseServicesTxt[2m > [22mparses service names correctly[32m 1[2mms[22m[39m
 [32mΓ£ô[39m tests/lib/system-info-parser.test.ts[2m > [22mparseServicesTxt[2m > [22mparses state and PID[32m 1[2mms[22m[39m
 [32mΓ£ô[39m tests/lib/system-info-parser.test.ts[2m > [22mparseTasklistTxt[2m > [22mreturns 3 processes[32m 1[2mms[22m[39m
 [32mΓ£ô[39m tests/lib/system-info-parser.test.ts[2m > [22mparseTasklistTxt[2m > [22mparses image names and PIDs[32m 1[2mms[22m[39m
 [32mΓ£ô[39m tests/lib/system-info-parser.test.ts[2m > [22mparseTasklistTxt[2m > [22mparses memory usage[32m 0[2mms[22m[39m
 [32mΓ£ô[39m tests/lib/system-info-parser.test.ts[2m > [22mparseEventLogTxt[2m > [22mreturns 3 entries[32m 0[2mms[22m[39m
 [32mΓ£ô[39m tests/lib/system-info-parser.test.ts[2m > [22mparseEventLogTxt[2m > [22mparses levels from EventType codes[32m 1[2mms[22m[39m
 [32mΓ£ô[39m tests/lib/system-info-parser.test.ts[2m > [22mparseEventLogTxt[2m > [22mparses sources[32m 1[2mms[22m[39m
 [32mΓ£ô[39m tests/lib/system-info-parser.test.ts[2m > [22mparseEventLogTxt[2m > [22mparses timestamps[32m 1[2mms[22m[39m
 [32mΓ£ô[39m tests/lib/system-info-parser.test.ts[2m > [22mparseEnvironmentTxt[2m > [22mparses key=value pairs[32m 0[2mms[22m[39m
 [32mΓ£ô[39m tests/lib/system-info-parser.test.ts[2m > [22mparseEnvironmentTxt[2m > [22mhandles empty input[32m 0[2mms[22m[39m
 [32mΓ£ô[39m tests/lib/system-info-parser.test.ts[2m > [22mparseEnvironmentTxt[2m > [22mhandles values containing equals signs[32m 0[2mms[22m[39m
 [32mΓ£ô[39m tests/tools/ui-thread.test.ts[2m > [22mtoolGetUiThreadActivity[2m > [22manalyzes UI thread activity[32m 59[2mms[22m[39m
 [32mΓ£ô[39m tests/tools/ui-thread.test.ts[2m > [22mtoolGetUiThreadActivity[2m > [22mdetects freezes with custom threshold[32m 22[2mms[22m[39m
 [32mΓ£ô[39m tests/tools/connectivity.test.ts[2m > [22mscanConnectivity[2m > [22mdetects address config errors[32m 32[2mms[22m[39m
 [32mΓ£ô[39m tests/tools/connectivity.test.ts[2m > [22mscanConnectivity[2m > [22mdetects crash dumps in AE logs[32m 26[2mms[22m[39m
 [32mΓ£ô[39m tests/tools/connectivity.test.ts[2m > [22mscanConnectivity[2m > [22mdetects unhandled exceptions in AE logs[32m 29[2mms[22m[39m
 [32mΓ£ô[39m tests/tools/connectivity.test.ts[2m > [22mscanConnectivity[2m > [22mdetects DNS resolution failures[32m 28[2mms[22m[39m
 [32mΓ£ô[39m tests/tools/ui-thread.test.ts[2m > [22mtoolGetUiThreadActivity[2m > [22mfilters by time window[32m 21[2mms[22m[39m
 [32mΓ£ô[39m tests/tools/permissions.test.ts[2m > [22mtoolPermissions ΓÇö rights mode[2m > [22mlists all known permission categories[32m 14[2mms[22m[39m
 [32mΓ£ô[39m tests/tools/permissions.test.ts[2m > [22mtoolPermissions ΓÇö resolve mode[2m > [22mresolves effective permissions for admin user[32m 43[2mms[22m[39m
 [32mΓ£ô[39m tests/tools/permissions.test.ts[2m > [22mtoolPermissions ΓÇö resolve mode[2m > [22mrequires user parameter[32m 9[2mms[22m[39m
 [32mΓ£ô[39m tests/tools/permissions.test.ts[2m > [22mtoolPermissions ΓÇö resolve mode[2m > [22mreports unknown user[32m 8[2mms[22m[39m
 [32mΓ£ô[39m tests/tools/permissions.test.ts[2m > [22mtoolPermissions ΓÇö groups mode[2m > [22mlists groups with membership info[32m 8[2mms[22m[39m
 [32mΓ£ô[39m tests/tools/permissions.test.ts[2m > [22mtoolPermissions ΓÇö check mode[2m > [22mchecks a specific permission for admin (allowed)[32m 13[2mms[22m[39m
 [32mΓ£ô[39m tests/lib/log-parser.test.ts[2m > [22mtimestampToMs[2m > [22mconverts a normal timestamp[32m 4[2mms[22m[39m
 [32mΓ£ô[39m tests/lib/log-parser.test.ts[2m > [22mtimestampToMs[2m > [22mhandles midnight (00:00:00.000)[32m 0[2mms[22m[39m
 [32mΓ£ô[39m tests/lib/log-parser.test.ts[2m > [22mtimestampToMs[2m > [22mhandles just before midnight (23:59:59.999)[32m 0[2mms[22m[39m
 [32mΓ£ô[39m tests/lib/log-parser.test.ts[2m > [22mtimestampToMs[2m > [22mhandles noon[32m 0[2mms[22m[39m
 [32mΓ£ô[39m tests/lib/log-parser.test.ts[2m > [22mtimestampToMs[2m > [22mhandles single-digit fractional part[32m 0[2mms[22m[39m
 [32mΓ£ô[39m tests/lib/log-parser.test.ts[2m > [22mparseTookMs[2m > [22mparses a standard 'took' duration[32m 0[2mms[22m[39m
 [32mΓ£ô[39m tests/lib/log-parser.test.ts[2m > [22mparseTookMs[2m > [22mparses hours and minutes[32m 0[2mms[22m[39m
 [32mΓ£ô[39m tests/lib/log-parser.test.ts[2m > [22mparseTookMs[2m > [22mreturns null when no 'took' pattern[32m 0[2mms[22m[39m
 [32mΓ£ô[39m tests/lib/log-parser.test.ts[2m > [22mparseTookMs[2m > [22mparses zero duration[32m 0[2mms[22m[39m
 [32mΓ£ô[39m tests/lib/log-parser.test.ts[2m > [22mparseTookMs[2m > [22mhandles short fractional digits[32m 0[2mms[22m[39m
 [32mΓ£ô[39m tests/lib/log-parser.test.ts[2m > [22mparseTookMs[2m > [22mhandles long fractional digits rounding[32m 0[2mms[22m[39m
 [32mΓ£ô[39m tests/lib/log-parser.test.ts[2m > [22mparseLogLine[2m > [22mparses an Error line with functional area, source, context, and message[32m 1[2mms[22m[39m
 [32mΓ£ô[39m tests/lib/log-parser.test.ts[2m > [22mparseLogLine[2m > [22mparses BasicInfo level[32m 0[2mms[22m[39m
 [32mΓ£ô[39m tests/lib/log-parser.test.ts[2m > [22mparseLogLine[2m > [22mparses MoreInfo level[32m 0[2mms[22m[39m
 [32mΓ£ô[39m tests/lib/log-parser.test.ts[2m > [22mparseLogLine[2m > [22mparses Diagnostic level[32m 0[2mms[22m[39m
 [32mΓ£ô[39m tests/lib/log-parser.test.ts[2m > [22mparseLogLine[2m > [22mparses Verbose level[32m 0[2mms[22m[39m
 [32mΓ£ô[39m tests/lib/log-parser.test.ts[2m > [22mparseLogLine[2m > [22mmaps sub-diagnostic level Tracker to Verbose[32m 0[2mms[22m[39m
 [32mΓ£ô[39m tests/lib/log-parser.test.ts[2m > [22mparseLogLine[2m > [22mmaps sub-diagnostic level Classifi to Verbose[32m 0[2mms[22m[39m
 [32mΓ£ô[39m tests/lib/log-parser.test.ts[2m > [22mparseLogLine[2m > [22mmaps sub-diagnostic level AccessCo to Verbose[32m 0[2mms[22m[39m
 [32mΓ£ô[39m tests/lib/log-parser.test.ts[2m > [22mparseLogLine[2m > [22mmaps unknown level to Unknown[32m 0[2mms[22m[39m
 [32mΓ£ô[39m tests/lib/log-parser.test.ts[2m > [22mparseLogLine[2m > [22mparses line with source[context] but no functional area (2 tab parts)[32m 0[2mms[22m[39m
 [32mΓ£ô[39m tests/lib/log-parser.test.ts[2m > [22mparseLogLine[2m > [22mparses line with functional area but no source context (2 tab parts, no bracket)[32m 0[2mms[22m[39m
 [32mΓ£ô[39m tests/lib/log-parser.test.ts[2m > [22mparseLogLine[2m > [22mparses a message-only line (no tabs)[32m 0[2mms[22m[39m
 [32mΓ£ô[39m tests/lib/log-parser.test.ts[2m > [22mparseLogLine[2m > [22mreturns null for non-matching lines[32m 0[2mms[22m[39m
 [32mΓ£ô[39m tests/lib/log-parser.test.ts[2m > [22mparseLogLine[2m > [22mpreserves tabs in message when 3+ tab parts exist[32m 0[2mms[22m[39m
 [32mΓ£ô[39m tests/lib/log-parser.test.ts[2m > [22mparseLogEntries[2m > [22mgroups a single entry with no continuations[32m 2[2mms[22m[39m
 [32mΓ£ô[39m tests/lib/log-parser.test.ts[2m > [22mparseLogEntries[2m > [22mgroups continuation lines (stack trace) with their parent entry[32m 2[2mms[22m[39m
 [32mΓ£ô[39m tests/lib/log-parser.test.ts[2m > [22mparseLogEntries[2m > [22mhandles multiple entries in sequence[32m 1[2mms[22m[39m
 [32mΓ£ô[39m tests/lib/log-parser.test.ts[2m > [22mparseLogEntries[2m > [22mapplies midnight rollover offset when timestamp jumps backward >20h[32m 1[2mms[22m[39m
 [32mΓ£ô[39m tests/lib/log-parser.test.ts[2m > [22mparseLogEntries[2m > [22mdoes NOT apply rollover for small backward jumps (within 20h)[32m 1[2mms[22m[39m
 [32mΓ£ô[39m tests/lib/log-parser.test.ts[2m > [22mparseLogEntries[2m > [22mattaches non-matching, non-indented lines as continuations of the previous entry[32m 1[2mms[22m[39m
 [32mΓ£ô[39m tests/lib/log-parser.test.ts[2m > [22mparseLogEntries[2m > [22msets lineNumber to 1-based index[32m 0[2mms[22m[39m
 [32mΓ£ô[39m tests/lib/log-parser.test.ts[2m > [22mextractStackTrace[2m > [22mextracts .NET stack frames from continuation lines[32m 1[2mms[22m[39m
 [32mΓ£ô[39m tests/lib/log-parser.test.ts[2m > [22mextractStackTrace[2m > [22mreturns null when no stack frames in continuation lines[32m 0[2mms[22m[39m
 [32mΓ£ô[39m tests/lib/log-parser.test.ts[2m > [22mextractStackTrace[2m > [22mreturns null when continuation lines exist but none are 'at' frames[32m 0[2mms[22m[39m
 [32mΓ£ô[39m tests/lib/log-parser.test.ts[2m > [22mextractStackTrace[2m > [22mfilters out non-frame continuation lines from the trace[32m 0[2mms[22m[39m
 [32mΓ£ô[39m tests/lib/log-parser.test.ts[2m > [22misNativeStackFrame[2m > [22mmatches module!0x address pattern[32m 0[2mms[22m[39m
 [32mΓ£ô[39m tests/lib/log-parser.test.ts[2m > [22misNativeStackFrame[2m > [22mmatches +0x offset pattern[32m 0[2mms[22m[39m
 [32mΓ£ô[39m tests/lib/log-parser.test.ts[2m > [22misNativeStackFrame[2m > [22mmatches leading hex address (8 digits)[32m 0[2mms[22m[39m
 [32mΓ£ô[39m tests/lib/log-parser.test.ts[2m > [22misNativeStackFrame[2m > [22mmatches leading hex address (16 digits)[32m 0[2mms[22m[39m
 [32mΓ£ô[39m tests/lib/log-parser.test.ts[2m > [22misNativeStackFrame[2m > [22mreturns false for .NET stack frames[32m 0[2mms[22m[39m
 [32mΓ£ô[39m tests/lib/log-parser.test.ts[2m > [22misNativeStackFrame[2m > [22mreturns false for empty string[32m 0[2mms[22m[39m
 [32mΓ£ô[39m tests/lib/log-parser.test.ts[2m > [22misNativeStackFrame[2m > [22mreturns false for plain text[32m 0[2mms[22m[39m
 [32mΓ£ô[39m tests/tools/permissions.test.ts[2m > [22mtoolPermissions ΓÇö check mode[2m > [22mrequires permission parameter[32m 11[2mms[22m[39m
 [32mΓ£ô[39m tests/tools/permissions.test.ts[2m > [22mtoolPermissions ΓÇö deny-wins[2m > [22mdeny from Restricted overrides allow from Operators for ExportVideo[32m 6[2mms[22m[39m
 [32mΓ£ô[39m tests/tools/permissions.test.ts[2m > [22mtoolPermissions ΓÇö raw mode[2m > [22mshows raw table data found in the dump[32m 6[2mms[22m[39m
 [32mΓ£ô[39m tests/tools/permissions.test.ts[2m > [22mtoolPermissions ΓÇö missing/empty tables[2m > [22mhandles no bug report gracefully[32m 5[2mms[22m[39m
 [32mΓ£ô[39m tests/tools/permissions.test.ts[2m > [22mtoolPermissions ΓÇö missing/empty tables[2m > [22mhandles empty directory gracefully[32m 6[2mms[22m[39m
 [32mΓ£ô[39m tests/tools/new-tools.test.ts[2m > [22mtoolHw[2m > [22mlists hardware errors[32m 23[2mms[22m[39m
 [32mΓ£ô[39m tests/tools/new-tools.test.ts[2m > [22mtoolHw[2m > [22mfilters by device[32m 21[2mms[22m[39m
 [32mΓ£ô[39m tests/tools/new-tools.test.ts[2m > [22mtoolHw[2m > [22mreturns no-data on clean log[32m 20[2mms[22m[39m
 [32mΓ£ô[39m tests/tools/new-tools.test.ts[2m > [22mtoolFarmSummary[2m > [22mproduces a dashboard for multiple servers[32m 22[2mms[22m[39m
 [32mΓ£ô[39m tests/tools/new-tools.test.ts[2m > [22mtoolFarmSummary[2m > [22maggregates errors across servers[32m 19[2mms[22m[39m
 [32mΓ£ô[39m tests/tools/new-tools.test.ts[2m > [22mtoolFarmSummary[2m > [22mshows topology[32m 15[2mms[22m[39m
 [32mΓ£ô[39m tests/tools/new-tools.test.ts[2m > [22mtoolFarmSummary[2m > [22mhandles empty parent directory gracefully[32m 32[2mms[22m[39m
 [32mΓ£ô[39m tests/tools/connectivity.test.ts[2m > [22mscanConnectivity[2m > [22mdetects session/token failures in IS logs[32m 29[2mms[22m[39m
 [32mΓ£ô[39m tests/tools/connectivity.test.ts[2m > [22mscanConnectivity[2m > [22mdetects request delivery failures in AE logs[32m 20[2mms[22m[39m
 [32mΓ£ô[39m tests/tools/connectivity.test.ts[2m > [22mscanConnectivity[2m > [22mdetects full diagnostic IS log level[32m 21[2mms[22m[39m
 [32mΓ£ô[39m tests/tools/connectivity.test.ts[2m > [22mscanConnectivity[2m > [22mdetects minimal IS log level (BasicInfo|LogError only)[32m 18[2mms[22m[39m
 [32mΓ£ô[39m tests/lib/fingerprint.test.ts[2m > [22mfingerprint[2m > [22mreplaces GUIDs[32m 3[2mms[22m[39m
 [32mΓ£ô[39m tests/lib/fingerprint.test.ts[2m > [22mfingerprint[2m > [22mreplaces IP:PORT pairs[32m 0[2mms[22m[39m
 [32mΓ£ô[39m tests/lib/fingerprint.test.ts[2m > [22mfingerprint[2m > [22mreplaces bare IP addresses[32m 0[2mms[22m[39m
 [32mΓ£ô[39m tests/lib/fingerprint.test.ts[2m > [22mfingerprint[2m > [22mreplaces hex pointers[32m 0[2mms[22m[39m
 [32mΓ£ô[39m tests/lib/fingerprint.test.ts[2m > [22mfingerprint[2m > [22mreplaces Request(N) IDs[32m 0[2mms[22m[39m
 [32mΓ£ô[39m tests/lib/fingerprint.test.ts[2m > [22mfingerprint[2m > [22mreplaces large numbers (5+ digits)[32m 0[2mms[22m[39m
 [32mΓ£ô[39m tests/lib/fingerprint.test.ts[2m > [22mfingerprint[2m > [22mreplaces array index notation[32m 0[2mms[22m[39m
 [32mΓ£ô[39m tests/lib/fingerprint.test.ts[2m > [22mfingerprint[2m > [22mcollapses whitespace[32m 0[2mms[22m[39m
 [32mΓ£ô[39m tests/lib/fingerprint.test.ts[2m > [22mfingerprint[2m > [22mreplaces exceptionGuid=[32m 0[2mms[22m[39m
 [32mΓ£ô[39m tests/lib/fingerprint.test.ts[2m > [22mfingerprint[2m > [22mhandles combined patterns[32m 1[2mms[22m[39m
 [32mΓ£ô[39m tests/lib/fingerprint.test.ts[2m > [22mfingerprintShort[2m > [22mtruncates to maxLength[32m 0[2mms[22m[39m
 [32mΓ£ô[39m tests/lib/fingerprint.test.ts[2m > [22mfingerprintShort[2m > [22mapplies fingerprinting before truncation[32m 0[2mms[22m[39m
 [32mΓ£ô[39m tests/lib/fingerprint.test.ts[2m > [22mfingerprintShort[2m > [22muses default maxLength of 120[32m 0[2mms[22m[39m
 [32mΓ£ô[39m tests/lib/config-parser.test.ts[2m > [22mparseServerInfoForHardware[2m > [22mreturns 2 servers[32m 3[2mms[22m[39m
 [32mΓ£ô[39m tests/lib/config-parser.test.ts[2m > [22mparseServerInfoForHardware[2m > [22mSERVER1 is master, SERVER2 is not[32m 1[2mms[22m[39m
 [32mΓ£ô[39m tests/lib/config-parser.test.ts[2m > [22mparseServerInfoForHardware[2m > [22mparses disk info for SERVER1[32m 1[2mms[22m[39m
 [32mΓ£ô[39m tests/lib/config-parser.test.ts[2m > [22mparseServerInfoForHardware[2m > [22mparses CPU, RAM, version, and service account[32m 1[2mms[22m[39m
 [32mΓ£ô[39m tests/lib/config-parser.test.ts[2m > [22mparseServerInfoForHardware[2m > [22mparses SERVER1 IP and OS[32m 0[2mms[22m[39m
 [32mΓ£ô[39m tests/lib/config-parser.test.ts[2m > [22mformatHardwareConfig[2m > [22mproduces non-empty output with server names and MASTER tag[32m 1[2mms[22m[39m
 [32mΓ£ô[39m tests/lib/config-parser.test.ts[2m > [22mformatHardwareConfig[2m > [22mreturns placeholder for empty array[32m 0[2mms[22m[39m
 [32mΓ£ô[39m tests/tools/connectivity.test.ts[2m > [22mscanConnectivity[2m > [22mdetects minimal AE log level[32m 39[2mms[22m[39m
 [32mΓ£ô[39m tests/tools/connectivity.test.ts[2m > [22mscanConnectivity[2m > [22muses last declared level when level changes mid-file[32m 17[2mms[22m[39m
 [32mΓ£ô[39m tests/tools/connectivity.test.ts[2m > [22mscanConnectivity[2m > [22mdetects UpdateServerLogLevel per-service levels[32m 16[2mms[22m[39m
 [32mΓ£ô[39m tests/tools/connectivity.test.ts[2m > [22mscanConnectivity[2m > [22mdetects UpdateCameraLogLevel per-camera levels[32m 15[2mms[22m[39m
 [32mΓ£ô[39m tests/tools/connectivity.test.ts[2m > [22mscanConnectivity[2m > [22mtracks observed log level distribution[32m 16[2mms[22m[39m
 [32mΓ£ô[39m tests/tools/connectivity.test.ts[2m > [22mtoolTriage connectivity findings[2m > [22mreports SEEMS FAILED as CRITICAL[32m 26[2mms[22m[39m
 [32mΓ£ô[39m tests/tool-registry.test.ts[2m > [22mtool-registry[2m > [22mexports a non-empty TOOLS array[32m 3[2mms[22m[39m
 [32mΓ£ô[39m tests/tool-registry.test.ts[2m > [22mtool-registry[2m > [22mevery tool has a sym_ prefix[32m 1[2mms[22m[39m
 [32mΓ£ô[39m tests/tools/connectivity.test.ts[2m > [22mtoolTriage connectivity findings[2m > [22mreports one-way communication as CRITICAL[32m 19[2mms[22m[39m
 [32mΓ£ô[39m tests/tools/connectivity.test.ts[2m > [22mtoolTriage connectivity findings[2m > [22mreports missing ForceServerRefreshDeviceGraph as WARNING[32m 19[2mms[22m[39m
 [32mΓ£ô[39m tests/tools/connectivity.test.ts[2m > [22mtoolTriage connectivity findings[2m > [22mreports DeltaCache polling gaps as WARNING[32m 17[2mms[22m[39m
 [32mΓ£ô[39m tests/tools/connectivity.test.ts[2m > [22mtoolTriage connectivity findings[2m > [22moverrides HEALTHY to ISOLATED when one-way detected[32m 22[2mms[22m[39m
 [32mΓ£ô[39m tests/tools/connectivity.test.ts[2m > [22mtoolTriage connectivity findings[2m > [22mshows normal ALIVE exchange as INFO for healthy farm member[32m 18[2mms[22m[39m
 [32mΓ£ô[39m tests/tools/connectivity.test.ts[2m > [22mtoolTriage connectivity findings[2m > [22mreports DownServer RPC as WARNING in triage[32m 19[2mms[22m[39m
 [32mΓ£ô[39m tests/tools/connectivity.test.ts[2m > [22mtoolTriage connectivity findings[2m > [22mreports master changeover as CRITICAL in triage[32m 18[2mms[22m[39m
 [32mΓ£ô[39m tests/tools/connectivity.test.ts[2m > [22mtoolTriage connectivity findings[2m > [22mreports SSL certificate chain errors as WARNING[32m 18[2mms[22m[39m
 [32mΓ£ô[39m tests/tools/connectivity.test.ts[2m > [22mtoolTriage connectivity findings[2m > [22mreports BACK UP recovery in triage[32m 16[2mms[22m[39m
 [32mΓ£ô[39m tests/tools/connectivity.test.ts[2m > [22mtoolTriage connectivity findings[2m > [22mreports No message dispatcher as overload[32m 16[2mms[22m[39m
 [32mΓ£ô[39m tests/tools/connectivity.test.ts[2m > [22mtoolTriage connectivity findings[2m > [22mreports service stop request as WARNING[32m 16[2mms[22m[39m
 [32mΓ£ô[39m tests/tools/connectivity.test.ts[2m > [22mtoolTriage connectivity findings[2m > [22mreports PendingChanges timeouts in triage[32m 17[2mms[22m[39m
 [32mΓ£ô[39m tests/tools/connectivity.test.ts[2m > [22mtoolTriage connectivity findings[2m > [22mreports address config errors in triage[32m 16[2mms[22m[39m
 [32mΓ£ô[39m tests/tools/connectivity.test.ts[2m > [22mtoolTriage connectivity findings[2m > [22mreports crash dumps as CRITICAL in triage[32m 15[2mms[22m[39m
 [32mΓ£ô[39m tests/tools/connectivity.test.ts[2m > [22mtoolTriage connectivity findings[2m > [22mreports unhandled exceptions as CRITICAL in triage[32m 16[2mms[22m[39m
 [32mΓ£ô[39m tests/tools/connectivity.test.ts[2m > [22mtoolTriage connectivity findings[2m > [22mreports DNS failures as WARNING in triage[32m 16[2mms[22m[39m
 [32mΓ£ô[39m tests/tools/connectivity.test.ts[2m > [22mtoolTriage connectivity findings[2m > [22mreports session failures as INFO when count is low[32m 16[2mms[22m[39m
 [32mΓ£ô[39m tests/tools/connectivity.test.ts[2m > [22mtoolTriage connectivity findings[2m > [22mreports delivery failures as INFO when count is low[32m 16[2mms[22m[39m
 [32mΓ£ô[39m tests/tools/connectivity.test.ts[2m > [22mtoolTriage connectivity findings[2m > [22mreports minimal IS log level as WARNING[32m 16[2mms[22m[39m
 [32mΓ£ô[39m tests/tools/connectivity.test.ts[2m > [22mtoolTriage connectivity findings[2m > [22mreports full diagnostic IS log level as INFO[32m 16[2mms[22m[39m
 [32mΓ£ô[39m tests/tools/connectivity.test.ts[2m > [22mtoolTriage connectivity findings[2m > [22mreports minimal AE log level as WARNING[32m 16[2mms[22m[39m
 [32mΓ£ô[39m tests/tools/connectivity.test.ts[2m > [22mtoolTriage connectivity findings[2m > [22mreports service at minimal log level as WARNING[32m 16[2mms[22m[39m
 [32mΓ£ô[39m tests/tools/connectivity.test.ts[2m > [22mtoolInterServer asymmetry[2m > [22mshows ASYMMETRY ALERT for isolated server[32m 14[2mms[22m[39m
 [32mΓ£ô[39m tests/tools/connectivity.test.ts[2m > [22mtoolInterServer asymmetry[2m > [22mno asymmetry alert for healthy server[32m 13[2mms[22m[39m
 [32mΓ£ô[39m tests/tools/connectivity.test.ts[2m > [22mtoolInterServer asymmetry[2m > [22mshows IP-to-server mapping in summary[32m 13[2mms[22m[39m
 [32mΓ£ô[39m tests/tools/connectivity.test.ts[2m > [22mtoolInterServer asymmetry[2m > [22mshows ONE-WAY flag in map mode[32m 13[2mms[22m[39m
 [32mΓ£ô[39m tests/tools/connectivity.test.ts[2m > [22mtoolInterServer asymmetry[2m > [22mresolves IPs to server IDs in failures mode[32m 13[2mms[22m[39m
 [32mΓ£ô[39m tests/tools/connectivity.test.ts[2m > [22mtoolInterServer asymmetry[2m > [22maggregates multiple client ports per IP in map mode[32m 13[2mms[22m[39m
 [32mΓ£ô[39m tests/tools/connectivity.test.ts[2m > [22mtoolInterServer asymmetry[2m > [22mshows total peers count in map footer[32m 13[2mms[22m[39m
 [32mΓ£ô[39m tests/tools/connectivity.test.ts[2m > [22mtoolFarmSummary connectivity[2m > [22mshows ALIVE matrix with connectivity mode[32m 16[2mms[22m[39m
 [32mΓ£ô[39m tests/tools/connectivity.test.ts[2m > [22mtoolFarmSummary connectivity[2m > [22midentifies isolated servers in connectivity mode[32m 13[2mms[22m[39m
 [32mΓ£ô[39m tests/tools/connectivity.test.ts[2m > [22mtoolFarmSummary connectivity[2m > [22mshows bidirectional status for healthy servers[32m 13[2mms[22m[39m
 [32mΓ£ô[39m tests/tools/connectivity.test.ts[2m > [22mtoolFarmSummary connectivity[2m > [22mshows per-server send/recv counts[32m 14[2mms[22m[39m
node.exe : 
At line:1 char:1
+ & "C:\Program Files\NodeJS/node.exe" "C:\Program Files\NodeJS/node_mo ...
+ ~~~~~~~~~~~~~~~~~~~~~~~~~~~~~~~~~~~~~~~~~~~~~~~~~~~~~~~~~~~~~~~~~~~~~
    + CategoryInfo          : NotSpecified: (:String) [], RemoteException
    + FullyQualifiedErrorId : NativeCommandError
 
[31mΓÄ»ΓÄ»ΓÄ»ΓÄ»ΓÄ»ΓÄ»ΓÄ»[39m[1m[41m Failed Tests 6 
[49m[22m[31mΓÄ»ΓÄ»ΓÄ»ΓÄ»ΓÄ»ΓÄ»ΓÄ»[39m

[41m[1m FAIL [22m[49m tests/tools/access-control.test.ts[2m > 
[22mtoolAccessControl ΓÇö empty[2m > [22mreturns clean output when no 
access control events
[31m[1mAssertionError[22m: expected 'Access Control Summary ΓÇö 3 events 
acrΓÇª' to contain 'No access control events found'[39m

[32m- Expected[39m
[31m+ Received[39m

[32m- [7mNo a[27mccess [7mc[27montrol [7mevents found[27m[39m
[31m+ [7mA[27mccess [7mC[27montrol [7mSummary ΓÇö 3 events across 2 
file(s)[27m[39m
[31m+[39m
[31m+     Door events                1[39m
[31m+     Credential scans           1[39m
[31m+   ΓÜá Sync failures              1[39m
[31m+[39m
[31m+ Issues (last 1):[39m
[31m+   [10:00:02.000] sync fail ΓÇö ACManager.Sync: Failed to sync with 
panel: Connection lost[39m

[36m [2mΓ¥»[22m tests/tools/access-control.test.ts:[2m77:20[22m[39m
    [90m 75|[39m     })[33m;[39m
    [90m 76|[39m     const result = await toolAccessControl(testDir.dir, { 
mode: "summaΓÇª
    [90m 77|[39m     
[34mexpect[39m(result)[33m.[39m[34mtoContain[39m([32m"No access control 
events found"[39m)[33m;[39m
    [90m   |[39m                    [31m^[39m
    [90m 78|[39m   })[33m;[39m
    [90m 79|[39m })[33m;[39m

[31m[2mΓÄ»ΓÄ»ΓÄ»ΓÄ»ΓÄ»ΓÄ»ΓÄ»ΓÄ»ΓÄ»ΓÄ»ΓÄ»ΓÄ»ΓÄ»ΓÄ»ΓÄ»ΓÄ»ΓÄ»ΓÄ»ΓÄ»ΓÄ»ΓÄ»ΓÄ»ΓÄ»Γ
Ä»[1/6]ΓÄ»[22m[39m

[41m[1m FAIL [22m[49m tests/tools/alarms.test.ts[2m > [22mtoolAlarms ΓÇö 
failures mode[2m > [22mreturns clean message when no failures exist
[31m[1mAssertionError[22m: expected 'Alarm Failures ΓÇö 1 total (showing 
1):ΓÇª' to contain 'No alarm/notification failures found'[39m

[32m- Expected[39m
[31m+ Received[39m

[32m- No alarm/notification failures found[39m
[31m+ Alarm Failures ΓÇö 1 total (showing 1):[39m
[31m+[39m
[31m+ [10:00:02.000] notif fail <Error> ActionManager.Execute[39m
[31m+   Failed to send email: SMTP connection refused[39m
[31m+   File: scac-260302_00.txt[39m
[31m+[39m

[36m [2mΓ¥»[22m tests/tools/alarms.test.ts:[2m80:20[22m[39m
    [90m 78|[39m     })[33m;[39m
    [90m 79|[39m     [35mconst[39m result [33m=[39m [35mawait[39m 
[34mtoolAlarms[39m(testDir[33m.[39mdir[33m,[39m { mode[33m:[39m 
[32m"failures"[39m })[33m;[39m
    [90m 80|[39m     
[34mexpect[39m(result)[33m.[39m[34mtoContain[39m([32m"No 
alarm/notification failures found"[39m)[33m;[39m
    [90m   |[39m                    [31m^[39m
    [90m 81|[39m   })[33m;[39m
    [90m 82|[39m })[33m;[39m

[31m[2mΓÄ»ΓÄ»ΓÄ»ΓÄ»ΓÄ»ΓÄ»ΓÄ»ΓÄ»ΓÄ»ΓÄ»ΓÄ»ΓÄ»ΓÄ»ΓÄ»ΓÄ»ΓÄ»ΓÄ»ΓÄ»ΓÄ»ΓÄ»ΓÄ»ΓÄ»ΓÄ»Γ
Ä»[2/6]ΓÄ»[22m[39m

[41m[1m FAIL [22m[49m tests/tools/alarms.test.ts[2m > [22mtoolAlarms ΓÇö 
empty[2m > [22mreturns clean output when no alarm events
[31m[1mAssertionError[22m: expected 'Alarms & Events Summary ΓÇö 4 events 
acΓÇª' to contain 'No alarm/event rule activity found'[39m

[32m- Expected[39m
[31m+ Received[39m

[32m- [7mNo alarm/event rule activity foun[27md[39m
[31m+ Alarms & Events Summary ΓÇö 4 events across 2 file(s)[39m
[31m+[39m
[31m+     Alarm triggers           1[39m
[31m+     Alarm clears             1[39m
[31m+     Notifications sent       1[39m
[31m+   ΓÜá Notification failures    1[39m
[31m+[39m
[31m+ Failures (last 1):[39m
[31m+ [7m  [10:00:02.000] ActionManager.Execute: Failed to send email: SMTP 
connection refuse[27md[39m

[36m [2mΓ¥»[22m tests/tools/alarms.test.ts:[2m91:20[22m[39m
    [90m 89|[39m     })[33m;[39m
    [90m 90|[39m     [35mconst[39m result [33m=[39m [35mawait[39m 
[34mtoolAlarms[39m(testDir[33m.[39mdir[33m,[39m { mode[33m:[39m 
[32m"summary"[39m })[33m;[39m
    [90m 91|[39m     
[34mexpect[39m(result)[33m.[39m[34mtoContain[39m([32m"No alarm/event 
rule activity found"[39m)[33m;[39m
    [90m   |[39m                    [31m^[39m
    [90m 92|[39m   })[33m;[39m
    [90m 93|[39m })[33m;[39m

[31m[2mΓÄ»ΓÄ»ΓÄ»ΓÄ»ΓÄ»ΓÄ»ΓÄ»ΓÄ»ΓÄ»ΓÄ»ΓÄ»ΓÄ»ΓÄ»ΓÄ»ΓÄ»ΓÄ»ΓÄ»ΓÄ»ΓÄ»ΓÄ»ΓÄ»ΓÄ»ΓÄ»Γ
Ä»[3/6]ΓÄ»[22m[39m

[41m[1m FAIL [22m[49m tests/tools/auth-analysis.test.ts[2m > 
[22mtoolAuth ΓÇö failures mode[2m > [22mgroups duplicate failures
[31m[1mAssertionError[22m: expected 'Found 5 authentication failure(s) 
(shΓÇª' to match /2├ù/[39m

[32m- Expected:[39m
/2├ù/

[31m+ Received:[39m
"Found 5 authentication failure(s) (showing 5):

      1├ù  [ad_failure] user=admin
         User admin not authenticated by Active Directory: account locked
         first: 10:00:01.000 is-260302_01.txt  last: 10:00:01.000

      1├ù  [scope_failure] user=viewer@DOMAIN
         EstablishSecureScope Failed for user viewer@DOMAIN
         first: 10:00:02.000 is-260302_01.txt  last: 10:00:02.000

      1├ù  [session_failure] user=operator@DOMAIN
         CreateSession Failed: token expired for user operator@DOMAIN
         first: 10:00:03.000 is-260302_01.txt  last: 10:00:03.000

      1├ù  [ad_failure] user=admin
         User admin not authenticated by Active Directory: bad password
         first: 10:00:05.000 is-260302_01.txt  last: 10:00:05.000

      1├ù  [auth_error] user=(unknown)
         authentication failed for credential token expired
         first: 10:00:06.000 is-260302_01.txt  last: 10:00:06.000
"

[36m [2mΓ¥»[22m tests/tools/auth-analysis.test.ts:[2m59:20[22m[39m
    [90m 57|[39m     [35mconst[39m result [33m=[39m [35mawait[39m 
[34mtoolAuth[39m(testDir[33m.[39mdir[33m,[39m { mode[33m:[39m 
[32m"failures"[39m })[33m;[39m
    [90m 58|[39m     [90m// Two AD failures with same fingerprint should be 
grouped[39m
    [90m 59|[39m     [34mexpect[39m(result)[33m.[39m[34mtoMatch[39m([3
6m/2├ù/[39m)[33m;[39m
    [90m   |[39m                    [31m^[39m
    [90m 60|[39m   })[33m;[39m
    [90m 61|[39m })[33m;[39m

[31m[2mΓÄ»ΓÄ»ΓÄ»ΓÄ»ΓÄ»ΓÄ»ΓÄ»ΓÄ»ΓÄ»ΓÄ»ΓÄ»ΓÄ»ΓÄ»ΓÄ»ΓÄ»ΓÄ»ΓÄ»ΓÄ»ΓÄ»ΓÄ»ΓÄ»ΓÄ»ΓÄ»Γ
Ä»[4/6]ΓÄ»[22m[39m

[41m[1m FAIL [22m[49m tests/tools/storage.test.ts[2m > [22mtoolStorage 
ΓÇö summary mode[2m > [22mdetects disk full, cleaner cycles, and deletions
[31m[1mAssertionError[22m: expected 'Storage Summary ΓÇö 3 events across 1 
fΓÇª' to contain 'Disk full events'[39m

[32m- Expected[39m
[31m+ Received[39m

[32m- Disk full events[39m
[31m+ Storage Summary ΓÇö 3 events across 1 file(s)[39m
[31m+[39m
[31m+   ΓÜá Disk space warnings      1[39m

[2m Test Files [22m [1m[31m4 failed[39m[22m[2m | [22m[1m[32m26 passed[39m[22m[90m (30)[39m
[2m      Tests [22m [1m[31m6 failed[39m[22m[2m | [22m[1m[32m426 passed[39m[22m[90m (432)[39m
[2m   Start at [22m 18:59:52
[2m   Duration [22m 2.93s[2m (transform 4.23s, setup 0ms, import 6.48s, tests 11.90s, environment 7ms)[22m

[31m+     Cleaner runs started     2[39m
[31m+[39m
[31m+ Disk alerts (last 1):[39m
[31m+   [10:00:02.000] CleanerService.Run: Disk D: FULL - free space below 
threshold[39m
[31m+[39m
[31m+ Cleaner cycles: 2 started, 0 completed[39m

[36m [2mΓ¥»[22m tests/tools/storage.test.ts:[2m16:20[22m[39m
    [90m 14|[39m     const result = await toolStorage(testDir.dir, { files: 
["sccl"], mΓÇª
    [90m 15|[39m     
[34mexpect[39m(result)[33m.[39m[34mtoContain[39m([32m"Storage 
Summary"[39m)[33m;[39m
    [90m 16|[39m     
[34mexpect[39m(result)[33m.[39m[34mtoContain[39m([32m"Disk full 
events"[39m)[33m;[39m
    [90m   |[39m                    [31m^[39m
    [90m 17|[39m     
[34mexpect[39m(result)[33m.[39m[34mtoContain[39m([32m"Cleaner runs 
started"[39m)[33m;[39m
    [90m 18|[39m     
[34mexpect[39m(result)[33m.[39m[34mtoContain[39m([32m"Cleaner runs 
completed"[39m)[33m;[39m

[31m[2mΓÄ»ΓÄ»ΓÄ»ΓÄ»ΓÄ»ΓÄ»ΓÄ»ΓÄ»ΓÄ»ΓÄ»ΓÄ»ΓÄ»ΓÄ»ΓÄ»ΓÄ»ΓÄ»ΓÄ»ΓÄ»ΓÄ»ΓÄ»ΓÄ»ΓÄ»ΓÄ»Γ
Ä»[5/6]ΓÄ»[22m[39m

[41m[1m FAIL [22m[49m tests/tools/storage.test.ts[2m > [22mtoolStorage 
ΓÇö tryReadLogEntries warnings[2m > [22mpropagates warnings for unreadable 
files
[31m[1mAssertionError[22m: expected 'Storage Summary ΓÇö 3 events across 1 
fΓÇª' to contain '[WARNING]'[39m

[32m- Expected[39m
[31m+ Received[39m

[32m- [WARNING][39m
[31m+ Storage Summary ΓÇö 3 events across 1 file(s)[39m
[31m+[39m
[31m+   ΓÜá Disk space warnings      1[39m
[31m+     Cleaner runs started     2[39m
[31m+[39m
[31m+ Disk alerts (last 1):[39m
[31m+   [10:00:02.000] CleanerService.Run: Disk D: FULL - free space below 
threshold[39m
[31m+[39m
[31m+ Cleaner cycles: 2 started, 0 completed[39m

[36m [2mΓ¥»[22m tests/tools/storage.test.ts:[2m97:20[22m[39m
    [90m 95|[39m
    [90m 96|[39m     [35mconst[39m result [33m=[39m [35mawait[39m 
[34mtoolStorage[39m(testDir[33m.[39mdir[33m,[39m { files[33m:[39m 
[[32m"sccl"[39m] })[33m;[39m
    [90m 97|[39m     [34mexpect[39m(result)[33m.[39m[34mtoContain[39m(
[32m"[WARNING]"[39m)[33m;[39m
    [90m   |[39m                    [31m^[39m
    [90m 98|[39m   })[33m;[39m
    [90m 99|[39m })[33m;[39m

[31m[2mΓÄ»ΓÄ»ΓÄ»ΓÄ»ΓÄ»ΓÄ»ΓÄ»ΓÄ»ΓÄ»ΓÄ»ΓÄ»ΓÄ»ΓÄ»ΓÄ»ΓÄ»ΓÄ»ΓÄ»ΓÄ»ΓÄ»ΓÄ»ΓÄ»ΓÄ»ΓÄ»Γ
Ä»[6/6]ΓÄ»[22m[39m

